
> @ai-hub/api@ start D:\HighPowerWorkspace\AI-HUB-PLATFORM\apps\api
> tsx --tsconfig ../../tsconfig.runtime.json src/main.ts

{"level":30,"time":1786583536902,"service":"@ai-hub/api","data":"Starting Nest application...","params":["NestFactory"],"msg":"Starting Nest application..."}
{"level":30,"time":1786583536933,"service":"@ai-hub/api","data":"HealthModule dependencies initialized","params":["InstanceLoader"],"msg":"HealthModule dependencies initialized"}
{"level":30,"time":1786583536933,"service":"@ai-hub/api","data":"ObservabilityModule dependencies initialized","params":["InstanceLoader"],"msg":"ObservabilityModule dependencies initialized"}
{"level":30,"time":1786583537163,"service":"@ai-hub/api","data":"FeedbackModule dependencies initialized","params":["InstanceLoader"],"msg":"FeedbackModule dependencies initialized"}
{"level":30,"time":1786583537164,"service":"@ai-hub/api","data":"AnalyticsModule dependencies initialized","params":["InstanceLoader"],"msg":"AnalyticsModule dependencies initialized"}
{"level":30,"time":1786583537164,"service":"@ai-hub/api","data":"ApplicationModule dependencies initialized","params":["InstanceLoader"],"msg":"ApplicationModule dependencies initialized"}
{"level":30,"time":1786583537164,"service":"@ai-hub/api","data":"ApiModule dependencies initialized","params":["InstanceLoader"],"msg":"ApiModule dependencies initialized"}
{"level":30,"time":1786583537164,"service":"@ai-hub/api","data":"IdentityModule dependencies initialized","params":["InstanceLoader"],"msg":"IdentityModule dependencies initialized"}
{"level":30,"time":1786583537164,"service":"@ai-hub/api","data":"CatalogModule dependencies initialized","params":["InstanceLoader"],"msg":"CatalogModule dependencies initialized"}
{"level":30,"time":1786583537165,"service":"@ai-hub/api","data":"ApplicationModule dependencies initialized","params":["InstanceLoader"],"msg":"ApplicationModule dependencies initialized"}
{"level":30,"time":1786583537165,"service":"@ai-hub/api","data":"InteractionModule dependencies initialized","params":["InstanceLoader"],"msg":"InteractionModule dependencies initialized"}
{"level":30,"time":1786583537165,"service":"@ai-hub/api","data":"CreatorModule dependencies initialized","params":["InstanceLoader"],"msg":"CreatorModule dependencies initialized"}
{"level":30,"time":1786583537165,"service":"@ai-hub/api","data":"NotificationModule dependencies initialized","params":["InstanceLoader"],"msg":"NotificationModule dependencies initialized"}
{"level":30,"time":1786583537165,"service":"@ai-hub/api","data":"DemandModule dependencies initialized","params":["InstanceLoader"],"msg":"DemandModule dependencies initialized"}
{"level":30,"time":1786583537283,"service":"@ai-hub/api","data":"MetricsController {/internal/metrics}:","params":["RoutesResolver"],"msg":"MetricsController {/internal/metrics}:"}
{"level":30,"time":1786583537285,"service":"@ai-hub/api","data":"Mapped {/internal/metrics, GET} route","params":["RouterExplorer"],"msg":"Mapped {/internal/metrics, GET} route"}
{"level":30,"time":1786583537285,"service":"@ai-hub/api","data":"IdentityController {/internal/identity}:","params":["RoutesResolver"],"msg":"IdentityController {/internal/identity}:"}
{"level":30,"time":1786583537286,"service":"@ai-hub/api","data":"Mapped {/internal/identity/employees, GET} route","params":["RouterExplorer"],"msg":"Mapped {/internal/identity/employees, GET} route"}
{"level":30,"time":1786583537286,"service":"@ai-hub/api","data":"Mapped {/internal/identity/departments, GET} route","params":["RouterExplorer"],"msg":"Mapped {/internal/identity/departments, GET} route"}
{"level":30,"time":1786583537286,"service":"@ai-hub/api","data":"Mapped {/internal/identity/employees/:employeeId/roles, GET} route","params":["RouterExplorer"],"msg":"Mapped {/internal/identity/employees/:employeeId/roles, GET} route"}
{"level":30,"time":1786583537286,"service":"@ai-hub/api","data":"Mapped {/internal/identity/employees/page, GET} route","params":["RouterExplorer"],"msg":"Mapped {/internal/identity/employees/page, GET} route"}
{"level":30,"time":1786583537287,"service":"@ai-hub/api","data":"Mapped {/internal/identity/employees/:employeeId, PATCH} route","params":["RouterExplorer"],"msg":"Mapped {/internal/identity/employees/:employeeId, PATCH} route"}
{"level":30,"time":1786583537287,"service":"@ai-hub/api","data":"Mapped {/internal/identity/employees/:employeeId/roles, PUT} route","params":["RouterExplorer"],"msg":"Mapped {/internal/identity/employees/:employeeId/roles, PUT} route"}
{"level":30,"time":1786583537287,"service":"@ai-hub/api","data":"Mapped {/internal/identity/departments, POST} route","params":["RouterExplorer"],"msg":"Mapped {/internal/identity/departments, POST} route"}
{"level":30,"time":1786583537288,"service":"@ai-hub/api","data":"Mapped {/internal/identity/departments/:departmentId, PATCH} route","params":["RouterExplorer"],"msg":"Mapped {/internal/identity/departments/:departmentId, PATCH} route"}
{"level":30,"time":1786583537288,"service":"@ai-hub/api","data":"Mapped {/internal/identity/departments/:departmentId, DELETE} route","params":["RouterExplorer"],"msg":"Mapped {/internal/identity/departments/:departmentId, DELETE} route"}
{"level":30,"time":1786583537288,"service":"@ai-hub/api","data":"Mapped {/internal/identity/sync-runs, GET} route","params":["RouterExplorer"],"msg":"Mapped {/internal/identity/sync-runs, GET} route"}
{"level":30,"time":1786583537288,"service":"@ai-hub/api","data":"Mapped {/internal/identity/sync/run, POST} route","params":["RouterExplorer"],"msg":"Mapped {/internal/identity/sync/run, POST} route"}
{"level":30,"time":1786583537288,"service":"@ai-hub/api","data":"Mapped {/internal/identity/employees/:employeeId/revoke-sessions, POST} route","params":["RouterExplorer"],"msg":"Mapped {/internal/identity/employees/:employeeId/revoke-sessions, POST} route"}
{"level":30,"time":1786583537288,"service":"@ai-hub/api","data":"Mapped {/internal/identity/actor, GET} route","params":["RouterExplorer"],"msg":"Mapped {/internal/identity/actor, GET} route"}
{"level":30,"time":1786583537289,"service":"@ai-hub/api","data":"Mapped {/internal/identity/logout, POST} route","params":["RouterExplorer"],"msg":"Mapped {/internal/identity/logout, POST} route"}
{"level":30,"time":1786583537290,"service":"@ai-hub/api","data":"Mapped {/internal/identity/login/password, POST} route","params":["RouterExplorer"],"msg":"Mapped {/internal/identity/login/password, POST} route"}
{"level":30,"time":1786583537291,"service":"@ai-hub/api","data":"Mapped {/internal/identity/login/options, GET} route","params":["RouterExplorer"],"msg":"Mapped {/internal/identity/login/options, GET} route"}
{"level":30,"time":1786583537291,"service":"@ai-hub/api","data":"Mapped {/internal/identity/login/challenge, GET} route","params":["RouterExplorer"],"msg":"Mapped {/internal/identity/login/challenge, GET} route"}
{"level":30,"time":1786583537291,"service":"@ai-hub/api","data":"Mapped {/internal/identity/login/dingtalk/start, GET} route","params":["RouterExplorer"],"msg":"Mapped {/internal/identity/login/dingtalk/start, GET} route"}
{"level":30,"time":1786583537291,"service":"@ai-hub/api","data":"Mapped {/internal/identity/login/dingtalk/callback, GET} route","params":["RouterExplorer"],"msg":"Mapped {/internal/identity/login/dingtalk/callback, GET} route"}
{"level":30,"time":1786583537291,"service":"@ai-hub/api","data":"Mapped {/internal/identity/login/dingtalk/complete, POST} route","params":["RouterExplorer"],"msg":"Mapped {/internal/identity/login/dingtalk/complete, POST} route"}
{"level":30,"time":1786583537291,"service":"@ai-hub/api","data":"SecurityController {/internal/security}:","params":["RoutesResolver"],"msg":"SecurityController {/internal/security}:"}
{"level":30,"time":1786583537291,"service":"@ai-hub/api","data":"Mapped {/internal/security/audit-logs, GET} route","params":["RouterExplorer"],"msg":"Mapped {/internal/security/audit-logs, GET} route"}
{"level":30,"time":1786583537291,"service":"@ai-hub/api","data":"Mapped {/internal/security/audit-exports, POST} route","params":["RouterExplorer"],"msg":"Mapped {/internal/security/audit-exports, POST} route"}
{"level":30,"time":1786583537291,"service":"@ai-hub/api","data":"ApplicationController {/internal/applications}:","params":["RoutesResolver"],"msg":"ApplicationController {/internal/applications}:"}
{"level":30,"time":1786583537292,"service":"@ai-hub/api","data":"Mapped {/internal/applications, POST} route","params":["RouterExplorer"],"msg":"Mapped {/internal/applications, POST} route"}
{"level":30,"time":1786583537292,"service":"@ai-hub/api","data":"Mapped {/internal/applications/:applicationId/versions, POST} route","params":["RouterExplorer"],"msg":"Mapped {/internal/applications/:applicationId/versions, POST} route"}
{"level":30,"time":1786583537292,"service":"@ai-hub/api","data":"Mapped {/internal/applications/:applicationId/deliveries/:channel, PUT} route","params":["RouterExplorer"],"msg":"Mapped {/internal/applications/:applicationId/deliveries/:channel, PUT} route"}
{"level":30,"time":1786583537292,"service":"@ai-hub/api","data":"Mapped {/internal/applications/versions/:applicationVersionId/submit-review, POST} route","params":["RouterExplorer"],"msg":"Mapped {/internal/applications/versions/:applicationVersionId/submit-review, POST} route"}
{"level":30,"time":1786583537292,"service":"@ai-hub/api","data":"Mapped {/internal/applications/versions/:applicationVersionId/review, POST} route","params":["RouterExplorer"],"msg":"Mapped {/internal/applications/versions/:applicationVersionId/review, POST} route"}
{"level":30,"time":1786583537292,"service":"@ai-hub/api","data":"Mapped {/internal/applications/versions/:applicationVersionId/claim-review, POST} route","params":["RouterExplorer"],"msg":"Mapped {/internal/applications/versions/:applicationVersionId/claim-review, POST} route"}
{"level":30,"time":1786583537292,"service":"@ai-hub/api","data":"Mapped {/internal/applications/versions/:applicationVersionId/release-review, POST} route","params":["RouterExplorer"],"msg":"Mapped {/internal/applications/versions/:applicationVersionId/release-review, POST} route"}
{"level":30,"time":1786583537292,"service":"@ai-hub/api","data":"Mapped {/internal/applications/versions/:applicationVersionId/review-queue, GET} route","params":["RouterExplorer"],"msg":"Mapped {/internal/applications/versions/:applicationVersionId/review-queue, GET} route"}
{"level":30,"time":1786583537293,"service":"@ai-hub/api","data":"Mapped {/internal/applications/:applicationId/publish, POST} route","params":["RouterExplorer"],"msg":"Mapped {/internal/applications/:applicationId/publish, POST} route"}
{"level":30,"time":1786583537293,"service":"@ai-hub/api","data":"Mapped {/internal/applications/:applicationId/withdraw, POST} route","params":["RouterExplorer"],"msg":"Mapped {/internal/applications/:applicationId/withdraw, POST} route"}
{"level":30,"time":1786583537293,"service":"@ai-hub/api","data":"Mapped {/internal/applications/:applicationId/rollback, POST} route","params":["RouterExplorer"],"msg":"Mapped {/internal/applications/:applicationId/rollback, POST} route"}
{"level":30,"time":1786583537293,"service":"@ai-hub/api","data":"Mapped {/internal/applications/:applicationId/archive, POST} route","params":["RouterExplorer"],"msg":"Mapped {/internal/applications/:applicationId/archive, POST} route"}
{"level":30,"time":1786583537293,"service":"@ai-hub/api","data":"Mapped {/internal/applications/admin-list, GET} route","params":["RouterExplorer"],"msg":"Mapped {/internal/applications/admin-list, GET} route"}
{"level":30,"time":1786583537293,"service":"@ai-hub/api","data":"Mapped {/internal/applications/:applicationId, GET} route","params":["RouterExplorer"],"msg":"Mapped {/internal/applications/:applicationId, GET} route"}
{"level":30,"time":1786583537293,"service":"@ai-hub/api","data":"Mapped {/internal/applications/:applicationId/workspace, GET} route","params":["RouterExplorer"],"msg":"Mapped {/internal/applications/:applicationId/workspace, GET} route"}
{"level":30,"time":1786583537293,"service":"@ai-hub/api","data":"Mapped {/internal/applications/:applicationId/versions, GET} route","params":["RouterExplorer"],"msg":"Mapped {/internal/applications/:applicationId/versions, GET} route"}
{"level":30,"time":1786583537293,"service":"@ai-hub/api","data":"Mapped {/internal/applications/:applicationId/deliveries, GET} route","params":["RouterExplorer"],"msg":"Mapped {/internal/applications/:applicationId/deliveries, GET} route"}
{"level":30,"time":1786583537293,"service":"@ai-hub/api","data":"Mapped {/internal/applications/:applicationId/reviews, GET} route","params":["RouterExplorer"],"msg":"Mapped {/internal/applications/:applicationId/reviews, GET} route"}
{"level":30,"time":1786583537293,"service":"@ai-hub/api","data":"Mapped {/internal/applications/:applicationId/published-version, GET} route","params":["RouterExplorer"],"msg":"Mapped {/internal/applications/:applicationId/published-version, GET} route"}
{"level":30,"time":1786583537294,"service":"@ai-hub/api","data":"ArtifactUploadController {/internal/applications}:","params":["RoutesResolver"],"msg":"ArtifactUploadController {/internal/applications}:"}
{"level":30,"time":1786583537294,"service":"@ai-hub/api","data":"Mapped {/internal/applications/:applicationId/artifact-uploads, POST} route","params":["RouterExplorer"],"msg":"Mapped {/internal/applications/:applicationId/artifact-uploads, POST} route"}
{"level":30,"time":1786583537294,"service":"@ai-hub/api","data":"Mapped {/internal/applications/:applicationId/artifact-uploads/:uploadId/content, PUT} route","params":["RouterExplorer"],"msg":"Mapped {/internal/applications/:applicationId/artifact-uploads/:uploadId/content, PUT} route"}
{"level":30,"time":1786583537294,"service":"@ai-hub/api","data":"Mapped {/internal/applications/:applicationId/artifact-uploads/:uploadId/complete, POST} route","params":["RouterExplorer"],"msg":"Mapped {/internal/applications/:applicationId/artifact-uploads/:uploadId/complete, POST} route"}
{"level":30,"time":1786583537294,"service":"@ai-hub/api","data":"Mapped {/internal/applications/:applicationId/artifact-uploads/:uploadId, GET} route","params":["RouterExplorer"],"msg":"Mapped {/internal/applications/:applicationId/artifact-uploads/:uploadId, GET} route"}
{"level":30,"time":1786583537294,"service":"@ai-hub/api","data":"Mapped {/internal/applications/:applicationId/assets, GET} route","params":["RouterExplorer"],"msg":"Mapped {/internal/applications/:applicationId/assets, GET} route"}
{"level":30,"time":1786583537295,"service":"@ai-hub/api","data":"Mapped {/internal/applications/:applicationId/assets, POST} route","params":["RouterExplorer"],"msg":"Mapped {/internal/applications/:applicationId/assets, POST} route"}
{"level":30,"time":1786583537295,"service":"@ai-hub/api","data":"Mapped {/internal/applications/:applicationId/assets/:assetId, DELETE} route","params":["RouterExplorer"],"msg":"Mapped {/internal/applications/:applicationId/assets/:assetId, DELETE} route"}
{"level":30,"time":1786583537295,"service":"@ai-hub/api","data":"CatalogController {/internal/catalog}:","params":["RoutesResolver"],"msg":"CatalogController {/internal/catalog}:"}
{"level":30,"time":1786583537295,"service":"@ai-hub/api","data":"Mapped {/internal/catalog, GET} route","params":["RouterExplorer"],"msg":"Mapped {/internal/catalog, GET} route"}
{"level":30,"time":1786583537295,"service":"@ai-hub/api","data":"Mapped {/internal/catalog/:applicationId, GET} route","params":["RouterExplorer"],"msg":"Mapped {/internal/catalog/:applicationId, GET} route"}
{"level":30,"time":1786583537295,"service":"@ai-hub/api","data":"Mapped {/internal/catalog/:applicationId/actions, POST} route","params":["RouterExplorer"],"msg":"Mapped {/internal/catalog/:applicationId/actions, POST} route"}
{"level":30,"time":1786583537295,"service":"@ai-hub/api","data":"Mapped {/internal/catalog/:applicationId/deliveries/:channel/resolve, POST} route","params":["RouterExplorer"],"msg":"Mapped {/internal/catalog/:applicationId/deliveries/:channel/resolve, POST} route"}
{"level":30,"time":1786583537295,"service":"@ai-hub/api","data":"Mapped {/internal/catalog/:applicationId/deliveries/:channel/asset, GET} route","params":["RouterExplorer"],"msg":"Mapped {/internal/catalog/:applicationId/deliveries/:channel/asset, GET} route"}
{"level":30,"time":1786583537296,"service":"@ai-hub/api","data":"Mapped {/internal/catalog/:applicationId/versions, GET} route","params":["RouterExplorer"],"msg":"Mapped {/internal/catalog/:applicationId/versions, GET} route"}
{"level":30,"time":1786583537296,"service":"@ai-hub/api","data":"Mapped {/internal/catalog/:applicationId/risk, GET} route","params":["RouterExplorer"],"msg":"Mapped {/internal/catalog/:applicationId/risk, GET} route"}
{"level":30,"time":1786583537296,"service":"@ai-hub/api","data":"Mapped {/internal/catalog/:applicationId/risk, PUT} route","params":["RouterExplorer"],"msg":"Mapped {/internal/catalog/:applicationId/risk, PUT} route"}
{"level":30,"time":1786583537296,"service":"@ai-hub/api","data":"InteractionController {/internal/applications/:applicationId/interactions}:","params":["RoutesResolver"],"msg":"InteractionController {/internal/applications/:applicationId/interactions}:"}
{"level":30,"time":1786583537296,"service":"@ai-hub/api","data":"Mapped {/internal/applications/:applicationId/interactions/like, POST} route","params":["RouterExplorer"],"msg":"Mapped {/internal/applications/:applicationId/interactions/like, POST} route"}
{"level":30,"time":1786583537296,"service":"@ai-hub/api","data":"Mapped {/internal/applications/:applicationId/interactions/rating, POST} route","params":["RouterExplorer"],"msg":"Mapped {/internal/applications/:applicationId/interactions/rating, POST} route"}
{"level":30,"time":1786583537296,"service":"@ai-hub/api","data":"Mapped {/internal/applications/:applicationId/interactions/comments, POST} route","params":["RouterExplorer"],"msg":"Mapped {/internal/applications/:applicationId/interactions/comments, POST} route"}
{"level":30,"time":1786583537296,"service":"@ai-hub/api","data":"Mapped {/internal/applications/:applicationId/interactions/comments/:commentId/reports, POST} route","params":["RouterExplorer"],"msg":"Mapped {/internal/applications/:applicationId/interactions/comments/:commentId/reports, POST} route"}
{"level":30,"time":1786583537296,"service":"@ai-hub/api","data":"Mapped {/internal/applications/:applicationId/interactions/reports/:reportId/resolve, POST} route","params":["RouterExplorer"],"msg":"Mapped {/internal/applications/:applicationId/interactions/reports/:reportId/resolve, POST} route"}
{"level":30,"time":1786583537296,"service":"@ai-hub/api","data":"Mapped {/internal/applications/:applicationId/interactions/comments/:commentId/anonymous-author, GET} route","params":["RouterExplorer"],"msg":"Mapped {/internal/applications/:applicationId/interactions/comments/:commentId/anonymous-author, GET} route"}
{"level":30,"time":1786583537296,"service":"@ai-hub/api","data":"Mapped {/internal/applications/:applicationId/interactions/ratings, GET} route","params":["RouterExplorer"],"msg":"Mapped {/internal/applications/:applicationId/interactions/ratings, GET} route"}
{"level":30,"time":1786583537296,"service":"@ai-hub/api","data":"Mapped {/internal/applications/:applicationId/interactions/comments, GET} route","params":["RouterExplorer"],"msg":"Mapped {/internal/applications/:applicationId/interactions/comments, GET} route"}
{"level":30,"time":1786583537297,"service":"@ai-hub/api","data":"Mapped {/internal/applications/:applicationId/interactions/comments/:commentId/hide, POST} route","params":["RouterExplorer"],"msg":"Mapped {/internal/applications/:applicationId/interactions/comments/:commentId/hide, POST} route"}
{"level":30,"time":1786583537297,"service":"@ai-hub/api","data":"Mapped {/internal/applications/:applicationId/interactions/comments/:commentId/restore, POST} route","params":["RouterExplorer"],"msg":"Mapped {/internal/applications/:applicationId/interactions/comments/:commentId/restore, POST} route"}
{"level":30,"time":1786583537297,"service":"@ai-hub/api","data":"FeedbackController {/internal/applications}:","params":["RoutesResolver"],"msg":"FeedbackController {/internal/applications}:"}
{"level":30,"time":1786583537297,"service":"@ai-hub/api","data":"Mapped {/internal/applications/:applicationId/interactions/feedback, POST} route","params":["RouterExplorer"],"msg":"Mapped {/internal/applications/:applicationId/interactions/feedback, POST} route"}
{"level":30,"time":1786583537297,"service":"@ai-hub/api","data":"Mapped {/internal/applications/:applicationId/interactions/feedback, GET} route","params":["RouterExplorer"],"msg":"Mapped {/internal/applications/:applicationId/interactions/feedback, GET} route"}
{"level":30,"time":1786583537297,"service":"@ai-hub/api","data":"Mapped {/internal/applications/:applicationId/interactions/feedback/:feedbackId, PATCH} route","params":["RouterExplorer"],"msg":"Mapped {/internal/applications/:applicationId/interactions/feedback/:feedbackId, PATCH} route"}
{"level":30,"time":1786583537297,"service":"@ai-hub/api","data":"NotificationController {/internal/notifications}:","params":["RoutesResolver"],"msg":"NotificationController {/internal/notifications}:"}
{"level":30,"time":1786583537297,"service":"@ai-hub/api","data":"Mapped {/internal/notifications, GET} route","params":["RouterExplorer"],"msg":"Mapped {/internal/notifications, GET} route"}
{"level":30,"time":1786583537297,"service":"@ai-hub/api","data":"Mapped {/internal/notifications/:notificationId/read, POST} route","params":["RouterExplorer"],"msg":"Mapped {/internal/notifications/:notificationId/read, POST} route"}
{"level":30,"time":1786583537297,"service":"@ai-hub/api","data":"Mapped {/internal/notifications/retry, POST} route","params":["RouterExplorer"],"msg":"Mapped {/internal/notifications/retry, POST} route"}
{"level":30,"time":1786583537298,"service":"@ai-hub/api","data":"CreatorController {/internal/creator/applications}:","params":["RoutesResolver"],"msg":"CreatorController {/internal/creator/applications}:"}
{"level":30,"time":1786583537298,"service":"@ai-hub/api","data":"Mapped {/internal/creator/applications, GET} route","params":["RouterExplorer"],"msg":"Mapped {/internal/creator/applications, GET} route"}
{"level":30,"time":1786583537298,"service":"@ai-hub/api","data":"Mapped {/internal/creator/applications/:applicationId/summary, GET} route","params":["RouterExplorer"],"msg":"Mapped {/internal/creator/applications/:applicationId/summary, GET} route"}
{"level":30,"time":1786583537298,"service":"@ai-hub/api","data":"DemandController {/internal/demands}:","params":["RoutesResolver"],"msg":"DemandController {/internal/demands}:"}
{"level":30,"time":1786583537298,"service":"@ai-hub/api","data":"Mapped {/internal/demands, POST} route","params":["RouterExplorer"],"msg":"Mapped {/internal/demands, POST} route"}
{"level":30,"time":1786583537298,"service":"@ai-hub/api","data":"Mapped {/internal/demands/:demandId, PATCH} route","params":["RouterExplorer"],"msg":"Mapped {/internal/demands/:demandId, PATCH} route"}
{"level":30,"time":1786583537298,"service":"@ai-hub/api","data":"Mapped {/internal/demands/:demandId/submit-review, POST} route","params":["RouterExplorer"],"msg":"Mapped {/internal/demands/:demandId/submit-review, POST} route"}
{"level":30,"time":1786583537298,"service":"@ai-hub/api","data":"Mapped {/internal/demands/:demandId/review, POST} route","params":["RouterExplorer"],"msg":"Mapped {/internal/demands/:demandId/review, POST} route"}
{"level":30,"time":1786583537298,"service":"@ai-hub/api","data":"Mapped {/internal/demands/:demandId/claim, POST} route","params":["RouterExplorer"],"msg":"Mapped {/internal/demands/:demandId/claim, POST} route"}
{"level":30,"time":1786583537299,"service":"@ai-hub/api","data":"Mapped {/internal/demands/:demandId/collaborators, POST} route","params":["RouterExplorer"],"msg":"Mapped {/internal/demands/:demandId/collaborators, POST} route"}
{"level":30,"time":1786583537299,"service":"@ai-hub/api","data":"Mapped {/internal/demands/:demandId/collaborators, GET} route","params":["RouterExplorer"],"msg":"Mapped {/internal/demands/:demandId/collaborators, GET} route"}
{"level":30,"time":1786583537299,"service":"@ai-hub/api","data":"Mapped {/internal/demands/:demandId/collaborators/:collaboratorEmployeeId, PATCH} route","params":["RouterExplorer"],"msg":"Mapped {/internal/demands/:demandId/collaborators/:collaboratorEmployeeId, PATCH} route"}
{"level":30,"time":1786583537299,"service":"@ai-hub/api","data":"Mapped {/internal/demands/:demandId/collaborators/:collaboratorEmployeeId, DELETE} route","params":["RouterExplorer"],"msg":"Mapped {/internal/demands/:demandId/collaborators/:collaboratorEmployeeId, DELETE} route"}
{"level":30,"time":1786583537299,"service":"@ai-hub/api","data":"Mapped {/internal/demands/:demandId/priority, POST} route","params":["RouterExplorer"],"msg":"Mapped {/internal/demands/:demandId/priority, POST} route"}
{"level":30,"time":1786583537299,"service":"@ai-hub/api","data":"Mapped {/internal/demands/:demandId/status, POST} route","params":["RouterExplorer"],"msg":"Mapped {/internal/demands/:demandId/status, POST} route"}
{"level":30,"time":1786583537299,"service":"@ai-hub/api","data":"Mapped {/internal/demands/:demandId/progress, POST} route","params":["RouterExplorer"],"msg":"Mapped {/internal/demands/:demandId/progress, POST} route"}
{"level":30,"time":1786583537299,"service":"@ai-hub/api","data":"Mapped {/internal/demands/:demandId/progress, GET} route","params":["RouterExplorer"],"msg":"Mapped {/internal/demands/:demandId/progress, GET} route"}
{"level":30,"time":1786583537299,"service":"@ai-hub/api","data":"Mapped {/internal/demands/:demandId/pilots, POST} route","params":["RouterExplorer"],"msg":"Mapped {/internal/demands/:demandId/pilots, POST} route"}
{"level":30,"time":1786583537300,"service":"@ai-hub/api","data":"Mapped {/internal/demands/:demandId/pilots, GET} route","params":["RouterExplorer"],"msg":"Mapped {/internal/demands/:demandId/pilots, GET} route"}
{"level":30,"time":1786583537300,"service":"@ai-hub/api","data":"Mapped {/internal/demands/:demandId/pilots/:pilotId, PATCH} route","params":["RouterExplorer"],"msg":"Mapped {/internal/demands/:demandId/pilots/:pilotId, PATCH} route"}
{"level":30,"time":1786583537300,"service":"@ai-hub/api","data":"Mapped {/internal/demands/:demandId/merge, POST} route","params":["RouterExplorer"],"msg":"Mapped {/internal/demands/:demandId/merge, POST} route"}
{"level":30,"time":1786583537300,"service":"@ai-hub/api","data":"Mapped {/internal/demands/:demandId/applications, POST} route","params":["RouterExplorer"],"msg":"Mapped {/internal/demands/:demandId/applications, POST} route"}
{"level":30,"time":1786583537300,"service":"@ai-hub/api","data":"Mapped {/internal/demands/:demandId/applications/from-demand, POST} route","params":["RouterExplorer"],"msg":"Mapped {/internal/demands/:demandId/applications/from-demand, POST} route"}
{"level":30,"time":1786583537300,"service":"@ai-hub/api","data":"Mapped {/internal/demands/:demandId/applications, GET} route","params":["RouterExplorer"],"msg":"Mapped {/internal/demands/:demandId/applications, GET} route"}
{"level":30,"time":1786583537300,"service":"@ai-hub/api","data":"Mapped {/internal/demands/:demandId/applications/:applicationId, DELETE} route","params":["RouterExplorer"],"msg":"Mapped {/internal/demands/:demandId/applications/:applicationId, DELETE} route"}
{"level":30,"time":1786583537300,"service":"@ai-hub/api","data":"Mapped {/internal/demands, GET} route","params":["RouterExplorer"],"msg":"Mapped {/internal/demands, GET} route"}
{"level":30,"time":1786583537300,"service":"@ai-hub/api","data":"Mapped {/internal/demands/:demandId, GET} route","params":["RouterExplorer"],"msg":"Mapped {/internal/demands/:demandId, GET} route"}
{"level":30,"time":1786583537300,"service":"@ai-hub/api","data":"Mapped {/internal/demands/:demandId/like, POST} route","params":["RouterExplorer"],"msg":"Mapped {/internal/demands/:demandId/like, POST} route"}
{"level":30,"time":1786583537300,"service":"@ai-hub/api","data":"Mapped {/internal/demands/:demandId/comments, GET} route","params":["RouterExplorer"],"msg":"Mapped {/internal/demands/:demandId/comments, GET} route"}
{"level":30,"time":1786583537300,"service":"@ai-hub/api","data":"Mapped {/internal/demands/:demandId/comments, POST} route","params":["RouterExplorer"],"msg":"Mapped {/internal/demands/:demandId/comments, POST} route"}
{"level":30,"time":1786583537301,"service":"@ai-hub/api","data":"Mapped {/internal/demands/:demandId/comments/:commentId/like, POST} route","params":["RouterExplorer"],"msg":"Mapped {/internal/demands/:demandId/comments/:commentId/like, POST} route"}
{"level":30,"time":1786583537301,"service":"@ai-hub/api","data":"Mapped {/internal/demands/:demandId/reports, POST} route","params":["RouterExplorer"],"msg":"Mapped {/internal/demands/:demandId/reports, POST} route"}
{"level":30,"time":1786583537301,"service":"@ai-hub/api","data":"Mapped {/internal/demands/:demandId/reports, GET} route","params":["RouterExplorer"],"msg":"Mapped {/internal/demands/:demandId/reports, GET} route"}
{"level":30,"time":1786583537301,"service":"@ai-hub/api","data":"Mapped {/internal/demands/:demandId/reports/:reportId/resolve, POST} route","params":["RouterExplorer"],"msg":"Mapped {/internal/demands/:demandId/reports/:reportId/resolve, POST} route"}
{"level":30,"time":1786583537301,"service":"@ai-hub/api","data":"Mapped {/internal/demands/:demandId/comments/:commentId/anonymous-author, GET} route","params":["RouterExplorer"],"msg":"Mapped {/internal/demands/:demandId/comments/:commentId/anonymous-author, GET} route"}
{"level":30,"time":1786583537301,"service":"@ai-hub/api","data":"AnalyticsController {/internal/analytics}:","params":["RoutesResolver"],"msg":"AnalyticsController {/internal/analytics}:"}
{"level":30,"time":1786583537301,"service":"@ai-hub/api","data":"Mapped {/internal/analytics/dashboards/:dashboardKey, GET} route","params":["RouterExplorer"],"msg":"Mapped {/internal/analytics/dashboards/:dashboardKey, GET} route"}
{"level":30,"time":1786583537301,"service":"@ai-hub/api","data":"Mapped {/internal/analytics/exports, POST} route","params":["RouterExplorer"],"msg":"Mapped {/internal/analytics/exports, POST} route"}
{"level":30,"time":1786583537301,"service":"@ai-hub/api","data":"Mapped {/internal/analytics/exports/:exportId/download, POST} route","params":["RouterExplorer"],"msg":"Mapped {/internal/analytics/exports/:exportId/download, POST} route"}
{"level":30,"time":1786583537301,"service":"@ai-hub/api","data":"Mapped {/internal/analytics/assistant, POST} route","params":["RouterExplorer"],"msg":"Mapped {/internal/analytics/assistant, POST} route"}
{"level":30,"time":1786583537301,"service":"@ai-hub/api","data":"HealthController {/internal/health}:","params":["RoutesResolver"],"msg":"HealthController {/internal/health}:"}
{"level":30,"time":1786583537301,"service":"@ai-hub/api","data":"Mapped {/internal/health/live, GET} route","params":["RouterExplorer"],"msg":"Mapped {/internal/health/live, GET} route"}
{"level":30,"time":1786583537301,"service":"@ai-hub/api","data":"Mapped {/internal/health/ready, GET} route","params":["RouterExplorer"],"msg":"Mapped {/internal/health/ready, GET} route"}
{"level":30,"time":1786583537304,"service":"@ai-hub/api","data":"Nest application successfully started","params":["NestApplication"],"msg":"Nest application successfully started"}
{"level":30,"time":1786583552323,"service":"@ai-hub/api","req":{"id":"01KZWAV49QPG231A9JRCFDTBNB","method":"GET","url":"/internal/health/live"},"traceId":"01KZWAV49QPG231A9JRCFDTBNB","res":{"statusCode":200},"responseTime":11,"msg":"request completed"}
{"level":30,"time":1786583552609,"service":"@ai-hub/api","req":{"id":"01KZWAV4EM4HBP7ZB4K1MJQ0GF","method":"POST","url":"/internal/applications"},"traceId":"01KZWAV4EM4HBP7ZB4K1MJQ0GF","res":{"statusCode":201},"responseTime":141,"msg":"request completed"}
{"level":30,"time":1786583553078,"service":"@ai-hub/api","req":{"id":"01KZWAV50TW851DPGDW6472G0Z","method":"POST","url":"/internal/applications/b1494bfc-765c-4644-ba33-2bba557adaff/artifact-uploads"},"traceId":"01KZWAV50TW851DPGDW6472G0Z","res":{"statusCode":201},"responseTime":28,"msg":"request completed"}
{"level":30,"time":1786583553441,"service":"@ai-hub/api","req":{"id":"01KZWAV5BV0MRYKDRDF33PF0YH","method":"PUT","url":"/internal/applications/b1494bfc-765c-4644-ba33-2bba557adaff/artifact-uploads/6a143e1c-be5a-40ed-812d-ffc349f87970/content"},"traceId":"01KZWAV5BV0MRYKDRDF33PF0YH","res":{"statusCode":200},"responseTime":38,"msg":"request completed"}
{"level":30,"time":1786583554612,"service":"@ai-hub/api","req":{"id":"01KZWAV5RXC5P3XVZPYC4SZZHC","method":"POST","url":"/internal/applications/b1494bfc-765c-4644-ba33-2bba557adaff/artifact-uploads/6a143e1c-be5a-40ed-812d-ffc349f87970/complete"},"traceId":"01KZWAV5RXC5P3XVZPYC4SZZHC","res":{"statusCode":200},"responseTime":791,"msg":"request completed"}
{"level":30,"time":1786583554961,"service":"@ai-hub/api","req":{"id":"01KZWAV6TJGA7EX349E7XGMHCH","method":"POST","url":"/internal/applications/b1494bfc-765c-4644-ba33-2bba557adaff/versions"},"traceId":"01KZWAV6TJGA7EX349E7XGMHCH","res":{"statusCode":201},"responseTime":62,"msg":"request completed"}
{"level":30,"time":1786583555370,"service":"@ai-hub/api","req":{"id":"01KZWAV785EHT5GK7BR21MJKZJ","method":"PUT","url":"/internal/applications/b1494bfc-765c-4644-ba33-2bba557adaff/deliveries/web"},"traceId":"01KZWAV785EHT5GK7BR21MJKZJ","res":{"statusCode":200},"responseTime":37,"msg":"request completed"}
{"level":30,"time":1786583555696,"service":"@ai-hub/api","req":{"id":"01KZWAV7H0K41548DWH8PQC97H","method":"POST","url":"/internal/applications/versions/8c5144c4-9894-4615-b501-1c12da5c6d14/submit-review"},"traceId":"01KZWAV7H0K41548DWH8PQC97H","res":{"statusCode":200},"responseTime":79,"msg":"request completed"}
{"level":30,"time":1786583556067,"service":"@ai-hub/api","req":{"id":"01KZWAV7XVQRZ1XA5PC31SSPCW","method":"POST","url":"/internal/applications/versions/8c5144c4-9894-4615-b501-1c12da5c6d14/claim-review"},"traceId":"01KZWAV7XVQRZ1XA5PC31SSPCW","res":{"statusCode":200},"responseTime":40,"msg":"request completed"}
{"level":30,"time":1786583556559,"service":"@ai-hub/api","req":{"id":"01KZWAV88EMA33Y703GHMQJQ7H","method":"POST","url":"/internal/applications/versions/8c5144c4-9894-4615-b501-1c12da5c6d14/review"},"traceId":"01KZWAV88EMA33Y703GHMQJQ7H","res":{"statusCode":200},"responseTime":192,"msg":"request completed"}
{"level":40,"time":1786583556864,"service":"@ai-hub/api","traceId":"01KZWAV8PMZHDQR7HHP4SXW7TX","status":400,"response":"{\"message\":\"DELIVERY_CHANNELS_INCOMPLETE\",\"error\":\"Bad Request\",\"statusCode\":400}","msg":"HTTP exception (debug)"}
{"level":30,"time":1786583556865,"service":"@ai-hub/api","req":{"id":"01KZWAV8PMZHDQR7HHP4SXW7TX","method":"POST","url":"/internal/applications/b1494bfc-765c-4644-ba33-2bba557adaff/publish"},"traceId":"01KZWAV8PMZHDQR7HHP4SXW7TX","res":{"statusCode":400},"responseTime":44,"msg":"request completed"}
{"level":40,"time":1786583557184,"service":"@ai-hub/api","traceId":"01KZWAV8ZZTG086B5WYZCW24R2","status":404,"response":"{\"message\":\"CATALOG_APPLICATION_NOT_FOUND\",\"error\":\"Not Found\",\"statusCode\":404}","msg":"HTTP exception (debug)"}
{"level":30,"time":1786583557186,"service":"@ai-hub/api","req":{"id":"01KZWAV8ZZTG086B5WYZCW24R2","method":"POST","url":"/internal/catalog/b1494bfc-765c-4644-ba33-2bba557adaff/deliveries/web/resolve"},"traceId":"01KZWAV8ZZTG086B5WYZCW24R2","res":{"statusCode":404},"responseTime":65,"msg":"request completed"}
{"level":40,"time":1786583557486,"service":"@ai-hub/api","traceId":"01KZWAV9AE33FCGF85677YJ857","status":404,"response":"{\"message\":\"CATALOG_APPLICATION_NOT_FOUND\",\"error\":\"Not Found\",\"statusCode\":404}","msg":"HTTP exception (debug)"}
{"level":30,"time":1786583557487,"service":"@ai-hub/api","req":{"id":"01KZWAV9AE33FCGF85677YJ857","method":"GET","url":"/internal/catalog/b1494bfc-765c-4644-ba33-2bba557adaff/deliveries/web/asset"},"traceId":"01KZWAV9AE33FCGF85677YJ857","res":{"statusCode":404},"responseTime":33,"msg":"request completed"}
{"level":40,"time":1786583557763,"service":"@ai-hub/api","traceId":"01KZWAV9HTKD2A1VSPKK8EF5DR","status":400,"response":"{\"message\":\"PUBLISHED_VERSION_NOT_FOUND\",\"error\":\"Bad Request\",\"statusCode\":400}","msg":"HTTP exception (debug)"}
{"level":30,"time":1786583557765,"service":"@ai-hub/api","req":{"id":"01KZWAV9HTKD2A1VSPKK8EF5DR","method":"POST","url":"/internal/applications/b1494bfc-765c-4644-ba33-2bba557adaff/interactions/comments"},"traceId":"01KZWAV9HTKD2A1VSPKK8EF5DR","res":{"statusCode":400},"responseTime":75,"msg":"request completed"}
{"level":40,"time":1786583558297,"service":"@ai-hub/api","traceId":"01KZWAVA3TK2WR1JMD5KMQE32R","status":400,"response":"{\"message\":\"invalid input syntax for type uuid: \\\"null\\\"\",\"error\":\"Bad Request\",\"statusCode\":400}","msg":"HTTP exception (debug)"}
{"level":30,"time":1786583558298,"service":"@ai-hub/api","req":{"id":"01KZWAVA3TK2WR1JMD5KMQE32R","method":"POST","url":"/internal/applications/b1494bfc-765c-4644-ba33-2bba557adaff/interactions/comments"},"traceId":"01KZWAVA3TK2WR1JMD5KMQE32R","res":{"statusCode":400},"responseTime":31,"msg":"request completed"}
{"level":30,"time":1786583558552,"service":"@ai-hub/api","req":{"id":"01KZWAVABA64C7C2Y5XY2TT3E7","method":"POST","url":"/internal/applications/b1494bfc-765c-4644-ba33-2bba557adaff/interactions/feedback"},"traceId":"01KZWAVABA64C7C2Y5XY2TT3E7","res":{"statusCode":201},"responseTime":46,"msg":"request completed"}
{"level":30,"time":1786583659001,"service":"@ai-hub/api","req":{"id":"01KZWAYCDH9G3WKPACSQHTH929","method":"POST","url":"/internal/applications"},"traceId":"01KZWAYCDH9G3WKPACSQHTH929","res":{"statusCode":201},"responseTime":72,"msg":"request completed"}
{"level":30,"time":1786583659395,"service":"@ai-hub/api","req":{"id":"01KZWAYCVDGE7T2YX04459B0NT","method":"POST","url":"/internal/applications/863b62b5-67d9-4bde-8ba3-1133ad43aa82/artifact-uploads"},"traceId":"01KZWAYCVDGE7T2YX04459B0NT","res":{"statusCode":201},"responseTime":21,"msg":"request completed"}
{"level":30,"time":1786583659746,"service":"@ai-hub/api","req":{"id":"01KZWAYD624KRXD6CAGNM7F4ED","method":"PUT","url":"/internal/applications/863b62b5-67d9-4bde-8ba3-1133ad43aa82/artifact-uploads/6ec4ce9f-1235-411e-8d85-635c8fe791c6/content"},"traceId":"01KZWAYD624KRXD6CAGNM7F4ED","res":{"statusCode":200},"responseTime":32,"msg":"request completed"}
{"level":30,"time":1786583660882,"service":"@ai-hub/api","req":{"id":"01KZWAYDJPCFCZ1QA0X0GWGBST","method":"POST","url":"/internal/applications/863b62b5-67d9-4bde-8ba3-1133ad43aa82/artifact-uploads/6ec4ce9f-1235-411e-8d85-635c8fe791c6/complete"},"traceId":"01KZWAYDJPCFCZ1QA0X0GWGBST","res":{"statusCode":200},"responseTime":764,"msg":"request completed"}
{"level":30,"time":1786583661133,"service":"@ai-hub/api","req":{"id":"01KZWAYEGQH9RQ578VK4JDR5W0","method":"POST","url":"/internal/applications/863b62b5-67d9-4bde-8ba3-1133ad43aa82/versions"},"traceId":"01KZWAYEGQH9RQ578VK4JDR5W0","res":{"statusCode":201},"responseTime":54,"msg":"request completed"}
{"level":30,"time":1786583661653,"service":"@ai-hub/api","req":{"id":"01KZWAYF19KSATZZ2RVKYRNMQE","method":"PUT","url":"/internal/applications/863b62b5-67d9-4bde-8ba3-1133ad43aa82/deliveries/web"},"traceId":"01KZWAYF19KSATZZ2RVKYRNMQE","res":{"statusCode":200},"responseTime":44,"msg":"request completed"}
{"level":30,"time":1786583662080,"service":"@ai-hub/api","req":{"id":"01KZWAYFESCDMPRB4BMYGCQKG3","method":"PUT","url":"/internal/applications/863b62b5-67d9-4bde-8ba3-1133ad43aa82/deliveries/desktop"},"traceId":"01KZWAYFESCDMPRB4BMYGCQKG3","res":{"statusCode":200},"responseTime":38,"msg":"request completed"}
{"level":30,"time":1786583662344,"service":"@ai-hub/api","req":{"id":"01KZWAYFQ7FH3AH5PAB07FF4W2","method":"PUT","url":"/internal/applications/863b62b5-67d9-4bde-8ba3-1133ad43aa82/deliveries/mobile"},"traceId":"01KZWAYFQ7FH3AH5PAB07FF4W2","res":{"statusCode":200},"responseTime":33,"msg":"request completed"}
{"level":30,"time":1786583662618,"service":"@ai-hub/api","req":{"id":"01KZWAYFZ6C5NJH8ET9WKZ0H8J","method":"PUT","url":"/internal/applications/863b62b5-67d9-4bde-8ba3-1133ad43aa82/deliveries/mini_program"},"traceId":"01KZWAYFZ6C5NJH8ET9WKZ0H8J","res":{"statusCode":200},"responseTime":52,"msg":"request completed"}
{"level":30,"time":1786583663283,"service":"@ai-hub/api","req":{"id":"01KZWAYGKR9HX93A3JPPMJ6P31","method":"POST","url":"/internal/applications/versions/ff288b0f-20fd-4e1f-af18-3d2d33a69b7b/submit-review"},"traceId":"01KZWAYGKR9HX93A3JPPMJ6P31","res":{"statusCode":200},"responseTime":58,"msg":"request completed"}
{"level":30,"time":1786583663612,"service":"@ai-hub/api","req":{"id":"01KZWAYGYBPPYS7S2Z9PVR6WP2","method":"POST","url":"/internal/applications/versions/ff288b0f-20fd-4e1f-af18-3d2d33a69b7b/claim-review"},"traceId":"01KZWAYGYBPPYS7S2Z9PVR6WP2","res":{"statusCode":200},"responseTime":49,"msg":"request completed"}
{"level":30,"time":1786583663933,"service":"@ai-hub/api","req":{"id":"01KZWAYH7907XM6JDFHQNEZQ84","method":"POST","url":"/internal/applications/versions/ff288b0f-20fd-4e1f-af18-3d2d33a69b7b/review"},"traceId":"01KZWAYH7907XM6JDFHQNEZQ84","res":{"statusCode":200},"responseTime":84,"msg":"request completed"}
{"level":30,"time":1786583664399,"service":"@ai-hub/api","req":{"id":"01KZWAYHM7FFH29DQJ5JJRW55R","method":"POST","url":"/internal/applications/863b62b5-67d9-4bde-8ba3-1133ad43aa82/publish"},"traceId":"01KZWAYHM7FFH29DQJ5JJRW55R","res":{"statusCode":200},"responseTime":136,"msg":"request completed"}
{"level":40,"time":1786583664761,"service":"@ai-hub/api","traceId":"01KZWAYJ12WP147MQQEY9CC11V","status":404,"response":"{\"message\":\"CATALOG_APPLICATION_NOT_FOUND\",\"error\":\"Not Found\",\"statusCode\":404}","msg":"HTTP exception (debug)"}
{"level":30,"time":1786583664762,"service":"@ai-hub/api","req":{"id":"01KZWAYJ12WP147MQQEY9CC11V","method":"POST","url":"/internal/catalog/863b62b5-67d9-4bde-8ba3-1133ad43aa82/deliveries/web/resolve"},"traceId":"01KZWAYJ12WP147MQQEY9CC11V","res":{"statusCode":404},"responseTime":88,"msg":"request completed"}
{"level":40,"time":1786583665029,"service":"@ai-hub/api","traceId":"01KZWAYJBDWB2RX7YHFAS3D27B","status":404,"response":"{\"message\":\"CATALOG_APPLICATION_NOT_FOUND\",\"error\":\"Not Found\",\"statusCode\":404}","msg":"HTTP exception (debug)"}
{"level":30,"time":1786583665030,"service":"@ai-hub/api","req":{"id":"01KZWAYJBDWB2RX7YHFAS3D27B","method":"GET","url":"/internal/catalog/863b62b5-67d9-4bde-8ba3-1133ad43aa82/deliveries/web/asset"},"traceId":"01KZWAYJBDWB2RX7YHFAS3D27B","res":{"statusCode":404},"responseTime":25,"msg":"request completed"}
{"level":30,"time":1786583665235,"service":"@ai-hub/api","req":{"id":"01KZWAYJGJDH64K37A8T1XN8T6","method":"POST","url":"/internal/applications/863b62b5-67d9-4bde-8ba3-1133ad43aa82/interactions/comments"},"traceId":"01KZWAYJGJDH64K37A8T1XN8T6","res":{"statusCode":201},"responseTime":65,"msg":"request completed"}
{"level":30,"time":1786583666023,"service":"@ai-hub/api","req":{"id":"01KZWAYK99JXNBPKDWPEM56JB7","method":"POST","url":"/internal/applications/863b62b5-67d9-4bde-8ba3-1133ad43aa82/interactions/comments"},"traceId":"01KZWAYK99JXNBPKDWPEM56JB7","res":{"statusCode":201},"responseTime":62,"msg":"request completed"}
{"level":30,"time":1786583666428,"service":"@ai-hub/api","req":{"id":"01KZWAYKNSK565BSPP46T7251R","method":"POST","url":"/internal/applications/863b62b5-67d9-4bde-8ba3-1133ad43aa82/interactions/feedback"},"traceId":"01KZWAYKNSK565BSPP46T7251R","res":{"statusCode":201},"responseTime":66,"msg":"request completed"}
{"level":40,"time":1786584382041,"service":"@ai-hub/api","traceId":"01KZWBMEJDM813KT240H0GY2Z9","status":404,"response":"{\"message\":\"Cannot GET /healthz\",\"error\":\"Not Found\",\"statusCode\":404}","msg":"HTTP exception (debug)"}
{"level":30,"time":1786584382047,"service":"@ai-hub/api","req":{"id":"01KZWBMEJDM813KT240H0GY2Z9","method":"GET","url":"/healthz"},"traceId":"01KZWBMEJDM813KT240H0GY2Z9","res":{"statusCode":404},"responseTime":12,"msg":"request completed"}
{"level":40,"time":1786584382116,"service":"@ai-hub/api","traceId":"01KZWBMEN344QQRRH010H4W0ER","status":404,"response":"{\"message\":\"Cannot GET /health\",\"error\":\"Not Found\",\"statusCode\":404}","msg":"HTTP exception (debug)"}
{"level":30,"time":1786584382117,"service":"@ai-hub/api","req":{"id":"01KZWBMEN344QQRRH010H4W0ER","method":"GET","url":"/health"},"traceId":"01KZWBMEN344QQRRH010H4W0ER","res":{"statusCode":404},"responseTime":1,"msg":"request completed"}
D:\HighPowerWorkspace\AI-HUB-PLATFORM\apps\api:
 ERR_PNPM_RECURSIVE_RUN_FIRST_FAIL  @ai-hub/api@ start: `tsx --tsconfig ../../tsconfig.runtime.json src/main.ts`
Exit status 4294967295
